 File  Edit  World  Query  Image  Debug  Window  Help
┌ Trace ─────────────────────────────────────────────┐┌ Source ────────────────────────────────────────────────────────┐
│goal stack and breakpoints                          ││the selected definition                                         │
│unavailable: core reports debug: false              ││awaiting source (G3)                                            │
│                                                    ││                                                                │
│                                                    ││                                                                │
│                                                    ││                                                                │
│                                                    ││                                                                │
│                                                    ││                                                                │
│                                                    ││                                                                │
│                                                    ││                                                                │
│                                                    ││                                                                │
│                                                    ││                                                                │
│                                                    ││                                                                │
│                                                    ││                                                                │
│                                                    ││                                                                │
│                                                    ││                                                                │
│                                                    ││                                                                │
│                                                    ││                                                                │
│                                                    ││                                                                │
│                                                    ││                                                                │
│                                                    ││                                                                │
│                                                    │└────────────────────────────────────────────────────────────────┘
│                                                    │┌ Inspector ─────────────────────────────────────────────────────┐
└────────────────────────────────────────────────────┘│the selected binding                                            │
┌ Queries ───────────────────────────────────────────┐│awaiting inspect (G5)                                           │
│queries in flight or retained                       ││                                                                │
│(none)                                              ││                                                                │
│                                                    ││                                                                │
│                                                    ││                                                                │
│                                                    ││                                                                │
│                                                    ││                                                                │
│                                                    ││                                                                │
│                                                    ││                                                                │
│                                                    ││                                                                │
│                                                    ││                                                                │
│                                                    ││                                                                │
└────────────────────────────────────────────────────┘└────────────────────────────────────────────────────────────────┘
 gen 0 · 0 clauses · idle · no session · debug
F1 Help  F10 Menu
