 File  Edit  World  Query  Image  Debug  Window  Help
┌ Catalogue ────────────────┐┌ Source ─────────────────────────────────────────────────────────────────────────────────┐
│module -> (name, arity)    ││the selected definition                                                                  │
│awaiting listing (G3)      ││awaiting source (G3)                                                                     │
│                           ││                                                                                         │
│                           ││                                                                                         │
│                           ││                                                                                         │
│                           ││                                                                                         │
│                           ││                                                                                         │
│                           ││                                                                                         │
│                           ││                                                                                         │
│                           ││                                                                                         │
│                           ││                                                                                         │
│                           ││                                                                                         │
│                           ││                                                                                         │
│                           ││                                                                                         │
│                           ││                                                                                         │
│                           ││                                                                                         │
│                           ││                                                                                         │
│                           │└─────────────────────────────────────────────────────────────────────────────────────────┘
│                           │┌ Diagnostics ────────────────────────────────────────────────────────────────────────────┐
│                           ││(none)                                                                                   │
│                           ││                                                                                         │
│                           ││                                                                                         │
│                           ││                                                                                         │
└───────────────────────────┘└─────────────────────────────────────────────────────────────────────────────────────────┘
┌ Transcript ────────────────────────────────────────────────────┐┌ Solutions ─────────────────┐┌ Inspector ───────────┐
│?-                                                              ││bindings, one row per soluti││the selected binding  │
│                                                                ││awaiting solve (G5)         ││awaiting inspect (G5) │
│                                                                ││                            ││                      │
│                                                                ││                            ││                      │
│                                                                ││                            ││                      │
│                                                                ││                            ││                      │
│                                                                ││                            ││                      │
│                                                                ││                            ││                      │
│                                                                ││                            ││                      │
│                                                                ││                            ││                      │
└────────────────────────────────────────────────────────────────┘└────────────────────────────┘└──────────────────────┘
 gen 0 · 0 clauses · idle · no session · full
F1 Help  F10 Menu
