 File  Edit  World  Query  Image  Debug  Window  Help
┌ Source ──────────────────────────────────────────────────────────────────────────────────────────────────────────────┐
│the selected definition                                                                                               │
│awaiting source (G3)                                                                                                  │
│                                                                                                                      │
│                                                                                                                      │
│                                                                                                                      │
│                                                                                                                      │
│                                                                                                                      │
│                                                                                                                      │
│                                                                                                                      │
│                                                                                                                      │
│                                                                                                                      │
│                                                                                                                      │
│                                                                                                                      │
│                                                                                                                      │
│                                                                                                                      │
│                                                                                                                      │
│                                                                                                                      │
└──────────────────────────────────────────────────────────────────────────────────────────────────────────────────────┘
┌ Diagnostics ─────────────────────────────────────────────┐┌ Menu ────────────────────────────────────────────────────┐
│(none)                                                    ││File                                                      │
│                                                          ││  Menu   F10                                              │
│                                                          ││  Commands…   M-x                                         │
│                                                          ││  Abort   C-g                                             │
│                                                          ││  Quit   C-x C-c                                          │
│                                                          ││Edit (nothing here yet)                                   │
└──────────────────────────────────────────────────────────┘└──────────────────────────────────────────────────────────┘
┌ Transcript ──────────────────────────────────────────────────────────────────────────────────────────────────────────┐
│                                                                                                                      │
│                                                                                                                      │
│                                                                                                                      │
│                                                                                                                      │
│                                                                                                                      │
│                                                                                                                      │
│                                                                                                                      │
│?-                                                                                                                    │
└──────────────────────────────────────────────────────────────────────────────────────────────────────────────────────┘
 gen 0 · 0 clauses · idle · no session · browse
F1 Help  F10 Menu
