 File  Edit  World  Query  Image  Debug  Window  Help
┌ Catalogue ─────────────────────┐┌ Source ────────────────────────────────────────────────────────────────────────────┐
│module -> (name, arity)         ││the selected definition                                                             │
│awaiting listing (G3)           ││awaiting source (G3)                                                                │
│                                ││                                                                                    │
│                                ││                                                                                    │
│                                ││                                                                                    │
│                                ││                                                                                    │
│                                ││                                                                                    │
│                                ││                                                                                    │
│                                ││                                                                                    │
│                                ││                                                                                    │
│                                ││                                                                                    │
│                                ││                                                                                    │
└────────────────────────────────┘│                                                                                    │
┌ M-x ───────────────────────────┐│                                                                                    │
│M-x window.s_                   ││                                                                                    │
│window.split-rows  (C-x 2)  -- S││                                                                                    │
│window.split-columns  (C-x 3)  -││                                                                                    │
│                                │└────────────────────────────────────────────────────────────────────────────────────┘
│                                │┌ Diagnostics ───────────────────────────────────────────────────────────────────────┐
│                                ││(none)                                                                              │
│                                ││                                                                                    │
│                                ││                                                                                    │
│                                ││                                                                                    │
│                                ││                                                                                    │
│                                ││                                                                                    │
└────────────────────────────────┘└────────────────────────────────────────────────────────────────────────────────────┘
┌ Transcript ──────────────────────────────────────────────────────────────────────────────────────────────────────────┐
│?-                                                                                                                    │
│                                                                                                                      │
│                                                                                                                      │
│                                                                                                                      │
│                                                                                                                      │
│                                                                                                                      │
│                                                                                                                      │
│                                                                                                                      │
└──────────────────────────────────────────────────────────────────────────────────────────────────────────────────────┘
 gen 0 · 0 clauses · idle · no session · browse
M-x window.s_
