 File  Edit  World  Query  Image  Debug  Window  Help
┌ Catalogue ─────────────────────┐┌ Source ────────────────────────────────────────────────────────────────────────────┐
│module -> (name, arity)         ││the selected definition                                                             │
│awaiting listing (G3)           ││awaiting source (G3)                                                                │
│                                ││                                                                                    │
│                                ││                                                                                    │
│                                ││                                                                                    │
│                                ││                                                                                    │
│                                ││                                                                                    │
│                                ││                                                                                    │
│                                ││                                                                                    │
│                                ││                                                                                    │
│                                ││                                                                                    │
│                                ││                                                                                    │
└────────────────────────────────┘│                                                                                    │
┌ M-x ───────────────────────────┐│                                                                                    │
│M-x _                           ││                                                                                    │
│window.split-rows  (C-x 2)  -- S││                                                                                    │
│window.split-columns  (C-x 3)  -││                                                                                    │
│window.close  (C-x 0)  -- Close │└────────────────────────────────────────────────────────────────────────────────────┘
│window.maximise  (C-x 1)  -- Max│┌ Diagnostics ───────────────────────────────────────────────────────────────────────┐
│window.focus-next  (Tab)  -- Nex││(none)                                                                              │
│window.focus-prev  (S-Tab)  -- P││                                                                                    │
│help.contextual  (F1)  -- Help  ││                                                                                    │
│menu.open  (F10)  -- Menu       ││                                                                                    │
│command.palette  (M-x)  -- Comma││                                                                                    │
│app.abort  (C-g)  -- Abort      ││                                                                                    │
└────────────────────────────────┘└────────────────────────────────────────────────────────────────────────────────────┘
┌ Transcript ──────────────────────────────────────────────────────────────────────────────────────────────────────────┐
│?-                                                                                                                    │
│                                                                                                                      │
│                                                                                                                      │
│                                                                                                                      │
│                                                                                                                      │
│                                                                                                                      │
│                                                                                                                      │
│                                                                                                                      │
└──────────────────────────────────────────────────────────────────────────────────────────────────────────────────────┘
 gen 0 · 0 clauses · idle · no session · browse
M-x _
