 File  Edit  World  Query  Image  Debug  Window  Help
┌ Catalogue ───────┐┌ Catalogue ───────┐┌ Source ──────────────────────────────────────────────────────────────────────┐
│module -> (name, a││module -> (name, a││the selected definition                                                       │
│awaiting listing (││awaiting listing (││awaiting source (G3)                                                          │
│                  ││                  ││                                                                              │
│                  ││                  ││                                                                              │
│                  ││                  ││                                                                              │
│                  ││                  ││                                                                              │
│                  ││                  ││                                                                              │
│                  ││                  ││                                                                              │
│                  ││                  ││                                                                              │
│                  ││                  ││                                                                              │
│                  ││                  ││                                                                              │
│                  ││                  ││                                                                              │
│                  │└──────────────────┘│                                                                              │
│                  │┌ Catalogue ───────┐│                                                                              │
│                  ││module -> (name, a││                                                                              │
│                  ││awaiting listing (││                                                                              │
│                  ││                  ││                                                                              │
│                  ││                  │└──────────────────────────────────────────────────────────────────────────────┘
│                  ││                  │┌ Diagnostics ─────────────────────────────────────────────────────────────────┐
│                  ││                  ││(none)                                                                        │
│                  ││                  ││                                                                              │
│                  ││                  ││                                                                              │
│                  ││                  ││                                                                              │
│                  ││                  ││                                                                              │
│                  ││                  ││                                                                              │
└──────────────────┘└──────────────────┘└──────────────────────────────────────────────────────────────────────────────┘
┌ Transcript ──────────────────────────────────────────────────────────────────────────────────────────────────────────┐
│                                                                                                                      │
│                                                                                                                      │
│                                                                                                                      │
│                                                                                                                      │
│                                                                                                                      │
│                                                                                                                      │
│                                                                                                                      │
│?-                                                                                                                    │
└──────────────────────────────────────────────────────────────────────────────────────────────────────────────────────┘
 gen 0 · 0 clauses · idle · no session · browse
F1 Help  F10 Menu
