 File  Edit  World  Query  Image  Debug  Window  Help
┌ Catalogue ───────┐┌ Catalogue ───────┐┌ Diagnostics ─────────────────────────────────────────────────────────────────┐
│module -> (name, a││module -> (name, a││(none)                                                                        │
│awaiting listing (││awaiting listing (││                                                                              │
│                  ││                  ││                                                                              │
│                  ││                  ││                                                                              │
│                  ││                  ││                                                                              │
│                  ││                  ││                                                                              │
│                  ││                  ││                                                                              │
│                  ││                  ││                                                                              │
│                  ││                  ││                                                                              │
│                  ││                  ││                                                                              │
│                  ││                  ││                                                                              │
│                  ││                  ││                                                                              │
│                  │└──────────────────┘│                                                                              │
│                  │┌ Catalogue ───────┐│                                                                              │
│                  ││module -> (name, a││                                                                              │
│                  ││awaiting listing (││                                                                              │
│                  ││                  ││                                                                              │
│                  ││                  ││                                                                              │
│                  ││                  ││                                                                              │
│                  ││                  ││                                                                              │
│                  ││                  ││                                                                              │
│                  ││                  ││                                                                              │
│                  ││                  ││                                                                              │
│                  ││                  ││                                                                              │
│                  ││                  ││                                                                              │
└──────────────────┘└──────────────────┘└──────────────────────────────────────────────────────────────────────────────┘
┌ Transcript ──────────────────────────────────────────────────────────────────────────────────────────────────────────┐
│                                                                                                                      │
│                                                                                                                      │
│                                                                                                                      │
│                                                                                                                      │
│                                                                                                                      │
│                                                                                                                      │
│                                                                                                                      │
│?-                                                                                                                    │
└──────────────────────────────────────────────────────────────────────────────────────────────────────────────────────┘
 gen 0 · 0 clauses · idle · no session · browse
F1 Help  F10 Menu
