print: a
print: b
print: c
print: after-foreach-array
print: 1
print: 2
print: 3
print: 4
print: after-foreach-range
print: a
print: c
print: after-foreach-body-failure
print: 0
print: 1
print: 2
print: 3
print: after-for-count
print: after-for-zero-iterations
print: 0
print: 1
print: after-for-body-failure
print: alice
print: bob
print: carol
print: after-foreach-local-lookup
